<html>
<body>
<pre>
<h1>µVision Build Log</h1>
<h2>Tool Versions:</h2>
IDE-Version: ¶ÃVision V5.28.0.0
Copyright (C) 2019 ARM Ltd and ARM Germany GmbH. All rights reserved.
License Information: z 8615640711606, z, LIC=9N0AE-5MK8B-UMT9A-1115Q-A4NUF-63SIH
 
Tool Versions:
Toolchain:       MDK-ARM Professional  Version: 5.28.0.0
Toolchain Path:  F:\Keil_v5\ARM\ARMCLANG\Bin
C Compiler:      ArmClang.exe V6.12
Assembler:       Armasm.exe V6.12
Linker/Locator:  ArmLink.exe V6.12
Library Manager: ArmAr.exe V6.12
Hex Converter:   FromElf.exe V6.12
CPU DLL:         SARMCM3.DLL V5.28.0.0
Dialog DLL:      DCM.DLL V1.17.3.0
Target DLL:      CMSIS_AGDI.dll V1.31.18.0
Dialog DLL:      TCM.DLL V1.36.2.0
 
<h2>Project:</h2>
F:\÷«ƒ‹≥µ\rt1064\rt1064\RT1064_Library-master\0515\car 1\∞·‘À2.2\Project\MDK\RT106X.uvprojx
Project File Date:  05/29/2022

<h2>Output:</h2>
*** Using Compiler 'V6.12', folder: 'F:\Keil_v5\ARM\ARMCLANG\Bin'
Build target 'nor_sdram_zf_dtcm_v6'
compiling main.c...
compiling init.c...
compiling path.c...
compiling my_math.c...
compiling map.c...
compiling control.c...
linking...
Program Size: Code=127688 RO-data=8836 RW-data=248 ZI-data=98492  
".\Objects\RT106X.axf" - 0 Error(s), 0 Warning(s).

<h2>Software Packages used:</h2>

Package Vendor: NXP
                https://mcuxpresso.nxp.com/cmsis_pack/repo/NXP.MIMXRT1064_DFP.13.1.1.pack
                NXP.MIMXRT1064_DFP.13.1.1
                Device Family Pack for MIMXRT1064

<h2>Collection of Component include folders:</h2>
  .\RTE\_nor_sdram_zf_dtcm_v6
  F:\Keil_v5\Arm\Packs\NXP\MIMXRT1064_DFP\13.1.1

<h2>Collection of Component Files used:</h2>
Build Time Elapsed:  00:00:06
</pre>
</body>
</html>
